// Jest Snapshot v1, https://goo.gl/fbAQLP

exports[`Serialize a thematic break from slate state to markdown 1`] = `
"---
"
`;
